/home/user25/raphael_ws/install/raphael_enterprise/lib/python3.10/site-packages/raphael_enterprise/reviewer_node.py
/home/user25/raphael_ws/install/raphael_enterprise/lib/python3.10/site-packages/raphael_enterprise/course_lap_node.py
/home/user25/raphael_ws/install/raphael_enterprise/lib/python3.10/site-packages/raphael_enterprise/architect_node.py
/home/user25/raphael_ws/install/raphael_enterprise/lib/python3.10/site-packages/raphael_enterprise/cto_node.py
/home/user25/raphael_ws/install/raphael_enterprise/lib/python3.10/site-packages/raphael_enterprise/__init__.py
/home/user25/raphael_ws/install/raphael_enterprise/lib/python3.10/site-packages/raphael_enterprise/__pycache__/reviewer_node.cpython-310.pyc
/home/user25/raphael_ws/install/raphael_enterprise/lib/python3.10/site-packages/raphael_enterprise/__pycache__/course_lap_node.cpython-310.pyc
/home/user25/raphael_ws/install/raphael_enterprise/lib/python3.10/site-packages/raphael_enterprise/__pycache__/architect_node.cpython-310.pyc
/home/user25/raphael_ws/install/raphael_enterprise/lib/python3.10/site-packages/raphael_enterprise/__pycache__/cto_node.cpython-310.pyc
/home/user25/raphael_ws/install/raphael_enterprise/lib/python3.10/site-packages/raphael_enterprise/__pycache__/__init__.cpython-310.pyc
/home/user25/raphael_ws/install/raphael_enterprise/share/ament_index/resource_index/packages/raphael_enterprise
/home/user25/raphael_ws/install/raphael_enterprise/share/raphael_enterprise/package.xml
/home/user25/raphael_ws/install/raphael_enterprise/lib/python3.10/site-packages/raphael_enterprise-0.0.0-py3.10.egg-info/top_level.txt
/home/user25/raphael_ws/install/raphael_enterprise/lib/python3.10/site-packages/raphael_enterprise-0.0.0-py3.10.egg-info/SOURCES.txt
/home/user25/raphael_ws/install/raphael_enterprise/lib/python3.10/site-packages/raphael_enterprise-0.0.0-py3.10.egg-info/requires.txt
/home/user25/raphael_ws/install/raphael_enterprise/lib/python3.10/site-packages/raphael_enterprise-0.0.0-py3.10.egg-info/PKG-INFO
/home/user25/raphael_ws/install/raphael_enterprise/lib/python3.10/site-packages/raphael_enterprise-0.0.0-py3.10.egg-info/zip-safe
/home/user25/raphael_ws/install/raphael_enterprise/lib/python3.10/site-packages/raphael_enterprise-0.0.0-py3.10.egg-info/dependency_links.txt
/home/user25/raphael_ws/install/raphael_enterprise/lib/python3.10/site-packages/raphael_enterprise-0.0.0-py3.10.egg-info/entry_points.txt
/home/user25/raphael_ws/install/raphael_enterprise/lib/raphael_enterprise/architect_node
/home/user25/raphael_ws/install/raphael_enterprise/lib/raphael_enterprise/course_lap_node
/home/user25/raphael_ws/install/raphael_enterprise/lib/raphael_enterprise/cto_node
/home/user25/raphael_ws/install/raphael_enterprise/lib/raphael_enterprise/reviewer_node
