running egg_info
writing ../../build/raphael_enterprise/raphael_enterprise.egg-info/PKG-INFO
writing dependency_links to ../../build/raphael_enterprise/raphael_enterprise.egg-info/dependency_links.txt
writing entry points to ../../build/raphael_enterprise/raphael_enterprise.egg-info/entry_points.txt
writing requirements to ../../build/raphael_enterprise/raphael_enterprise.egg-info/requires.txt
writing top-level names to ../../build/raphael_enterprise/raphael_enterprise.egg-info/top_level.txt
reading manifest file '../../build/raphael_enterprise/raphael_enterprise.egg-info/SOURCES.txt'
writing manifest file '../../build/raphael_enterprise/raphael_enterprise.egg-info/SOURCES.txt'
running build
running build_py
copying raphael_enterprise/architect_node.py -> /home/user25/raphael_ws/build/raphael_enterprise/build/lib/raphael_enterprise
copying raphael_enterprise/cto_node.py -> /home/user25/raphael_ws/build/raphael_enterprise/build/lib/raphael_enterprise
copying raphael_enterprise/__init__.py -> /home/user25/raphael_ws/build/raphael_enterprise/build/lib/raphael_enterprise
running install
running install_lib
copying /home/user25/raphael_ws/build/raphael_enterprise/build/lib/raphael_enterprise/cto_node.py -> /home/user25/raphael_ws/install/raphael_enterprise/lib/python3.10/site-packages/raphael_enterprise
byte-compiling /home/user25/raphael_ws/install/raphael_enterprise/lib/python3.10/site-packages/raphael_enterprise/cto_node.py to cto_node.cpython-310.pyc
running install_data
copying resource/raphael_enterprise -> /home/user25/raphael_ws/install/raphael_enterprise/share/ament_index/resource_index/packages
copying package.xml -> /home/user25/raphael_ws/install/raphael_enterprise/share/raphael_enterprise
running install_egg_info
removing '/home/user25/raphael_ws/install/raphael_enterprise/lib/python3.10/site-packages/raphael_enterprise-0.0.0-py3.10.egg-info' (and everything under it)
Copying ../../build/raphael_enterprise/raphael_enterprise.egg-info to /home/user25/raphael_ws/install/raphael_enterprise/lib/python3.10/site-packages/raphael_enterprise-0.0.0-py3.10.egg-info
running install_scripts
Installing architect_node script to /home/user25/raphael_ws/install/raphael_enterprise/lib/raphael_enterprise
Installing cto_node script to /home/user25/raphael_ws/install/raphael_enterprise/lib/raphael_enterprise
writing list of installed files to '/home/user25/raphael_ws/build/raphael_enterprise/install.log'
