[0.118s] DEBUG:colcon:Command line arguments: ['/usr/bin/colcon', 'build']
[0.118s] DEBUG:colcon:Parsed command line arguments: Namespace(log_base=None, log_level=None, verb_name='build', build_base='build', install_base='install', merge_install=False, symlink_install=False, test_result_base=None, continue_on_error=False, executor='parallel', parallel_workers=12, event_handlers=None, ignore_user_meta=False, metas=['./colcon.meta'], base_paths=['.'], packages_ignore=None, packages_ignore_regex=None, paths=None, packages_up_to=None, packages_up_to_regex=None, packages_above=None, packages_above_and_dependencies=None, packages_above_depth=None, packages_select_by_dep=None, packages_skip_by_dep=None, packages_skip_up_to=None, packages_select_build_failed=False, packages_skip_build_finished=False, packages_select_test_failures=False, packages_skip_test_passed=False, packages_select=None, packages_skip=None, packages_select_regex=None, packages_skip_regex=None, packages_start=None, packages_end=None, allow_overriding=[], cmake_args=None, cmake_target=None, cmake_target_skip_unavailable=False, cmake_clean_cache=False, cmake_clean_first=False, cmake_force_configure=False, ament_cmake_args=None, catkin_cmake_args=None, catkin_skip_building_tests=False, mixin_files=None, mixin=None, verb_parser=<colcon_mixin.mixin.mixin_argument.MixinArgumentDecorator object at 0x77fd3c19ef50>, verb_extension=<colcon_core.verb.build.BuildVerb object at 0x77fd3c19e920>, main=<bound method BuildVerb.main of <colcon_core.verb.build.BuildVerb object at 0x77fd3c19e920>>, mixin_verb=('build',))
[0.153s] Level 1:colcon.colcon_core.package_discovery:discover_packages(colcon_meta) check parameters
[0.153s] Level 1:colcon.colcon_core.package_discovery:discover_packages(recursive) check parameters
[0.153s] Level 1:colcon.colcon_core.package_discovery:discover_packages(ignore) check parameters
[0.153s] Level 1:colcon.colcon_core.package_discovery:discover_packages(path) check parameters
[0.153s] Level 1:colcon.colcon_core.package_discovery:discover_packages(colcon_meta) discover
[0.154s] Level 1:colcon.colcon_core.package_discovery:discover_packages(recursive) discover
[0.154s] INFO:colcon.colcon_core.package_discovery:Crawling recursively for packages in '/home/user25/raphael_ws'
[0.154s] Level 1:colcon.colcon_core.package_identification:_identify(.) by extensions ['ignore', 'ignore_ament_install']
[0.154s] Level 1:colcon.colcon_core.package_identification:_identify(.) by extension 'ignore'
[0.154s] Level 1:colcon.colcon_core.package_identification:_identify(.) by extension 'ignore_ament_install'
[0.154s] Level 1:colcon.colcon_core.package_identification:_identify(.) by extensions ['colcon_pkg']
[0.154s] Level 1:colcon.colcon_core.package_identification:_identify(.) by extension 'colcon_pkg'
[0.154s] Level 1:colcon.colcon_core.package_identification:_identify(.) by extensions ['colcon_meta']
[0.154s] Level 1:colcon.colcon_core.package_identification:_identify(.) by extension 'colcon_meta'
[0.154s] Level 1:colcon.colcon_core.package_identification:_identify(.) by extensions ['ros']
[0.154s] Level 1:colcon.colcon_core.package_identification:_identify(.) by extension 'ros'
[0.167s] Level 1:colcon.colcon_core.package_identification:_identify(.) by extensions ['cmake', 'python']
[0.167s] Level 1:colcon.colcon_core.package_identification:_identify(.) by extension 'cmake'
[0.167s] Level 1:colcon.colcon_core.package_identification:_identify(.) by extension 'python'
[0.167s] Level 1:colcon.colcon_core.package_identification:_identify(.) by extensions ['python_setup_py']
[0.167s] Level 1:colcon.colcon_core.package_identification:_identify(.) by extension 'python_setup_py'
[0.167s] Level 1:colcon.colcon_core.package_identification:_identify(architectmd) by extensions ['ignore', 'ignore_ament_install']
[0.167s] Level 1:colcon.colcon_core.package_identification:_identify(architectmd) by extension 'ignore'
[0.167s] Level 1:colcon.colcon_core.package_identification:_identify(architectmd) by extension 'ignore_ament_install'
[0.167s] Level 1:colcon.colcon_core.package_identification:_identify(architectmd) by extensions ['colcon_pkg']
[0.167s] Level 1:colcon.colcon_core.package_identification:_identify(architectmd) by extension 'colcon_pkg'
[0.167s] Level 1:colcon.colcon_core.package_identification:_identify(architectmd) by extensions ['colcon_meta']
[0.167s] Level 1:colcon.colcon_core.package_identification:_identify(architectmd) by extension 'colcon_meta'
[0.167s] Level 1:colcon.colcon_core.package_identification:_identify(architectmd) by extensions ['ros']
[0.167s] Level 1:colcon.colcon_core.package_identification:_identify(architectmd) by extension 'ros'
[0.167s] Level 1:colcon.colcon_core.package_identification:_identify(architectmd) by extensions ['cmake', 'python']
[0.167s] Level 1:colcon.colcon_core.package_identification:_identify(architectmd) by extension 'cmake'
[0.167s] Level 1:colcon.colcon_core.package_identification:_identify(architectmd) by extension 'python'
[0.167s] Level 1:colcon.colcon_core.package_identification:_identify(architectmd) by extensions ['python_setup_py']
[0.168s] Level 1:colcon.colcon_core.package_identification:_identify(architectmd) by extension 'python_setup_py'
[0.168s] Level 1:colcon.colcon_core.package_identification:_identify(build) by extensions ['ignore', 'ignore_ament_install']
[0.168s] Level 1:colcon.colcon_core.package_identification:_identify(build) by extension 'ignore'
[0.168s] Level 1:colcon.colcon_core.package_identification:_identify(build) ignored
[0.168s] Level 1:colcon.colcon_core.package_identification:_identify(imgs) by extensions ['ignore', 'ignore_ament_install']
[0.168s] Level 1:colcon.colcon_core.package_identification:_identify(imgs) by extension 'ignore'
[0.168s] Level 1:colcon.colcon_core.package_identification:_identify(imgs) by extension 'ignore_ament_install'
[0.168s] Level 1:colcon.colcon_core.package_identification:_identify(imgs) by extensions ['colcon_pkg']
[0.168s] Level 1:colcon.colcon_core.package_identification:_identify(imgs) by extension 'colcon_pkg'
[0.168s] Level 1:colcon.colcon_core.package_identification:_identify(imgs) by extensions ['colcon_meta']
[0.168s] Level 1:colcon.colcon_core.package_identification:_identify(imgs) by extension 'colcon_meta'
[0.168s] Level 1:colcon.colcon_core.package_identification:_identify(imgs) by extensions ['ros']
[0.168s] Level 1:colcon.colcon_core.package_identification:_identify(imgs) by extension 'ros'
[0.168s] Level 1:colcon.colcon_core.package_identification:_identify(imgs) by extensions ['cmake', 'python']
[0.168s] Level 1:colcon.colcon_core.package_identification:_identify(imgs) by extension 'cmake'
[0.168s] Level 1:colcon.colcon_core.package_identification:_identify(imgs) by extension 'python'
[0.168s] Level 1:colcon.colcon_core.package_identification:_identify(imgs) by extensions ['python_setup_py']
[0.168s] Level 1:colcon.colcon_core.package_identification:_identify(imgs) by extension 'python_setup_py'
[0.168s] Level 1:colcon.colcon_core.package_identification:_identify(install) by extensions ['ignore', 'ignore_ament_install']
[0.168s] Level 1:colcon.colcon_core.package_identification:_identify(install) by extension 'ignore'
[0.169s] Level 1:colcon.colcon_core.package_identification:_identify(install) ignored
[0.169s] Level 1:colcon.colcon_core.package_identification:_identify(log) by extensions ['ignore', 'ignore_ament_install']
[0.169s] Level 1:colcon.colcon_core.package_identification:_identify(log) by extension 'ignore'
[0.169s] Level 1:colcon.colcon_core.package_identification:_identify(log) ignored
[0.169s] Level 1:colcon.colcon_core.package_identification:_identify(src) by extensions ['ignore', 'ignore_ament_install']
[0.169s] Level 1:colcon.colcon_core.package_identification:_identify(src) by extension 'ignore'
[0.169s] Level 1:colcon.colcon_core.package_identification:_identify(src) by extension 'ignore_ament_install'
[0.169s] Level 1:colcon.colcon_core.package_identification:_identify(src) by extensions ['colcon_pkg']
[0.169s] Level 1:colcon.colcon_core.package_identification:_identify(src) by extension 'colcon_pkg'
[0.169s] Level 1:colcon.colcon_core.package_identification:_identify(src) by extensions ['colcon_meta']
[0.169s] Level 1:colcon.colcon_core.package_identification:_identify(src) by extension 'colcon_meta'
[0.169s] Level 1:colcon.colcon_core.package_identification:_identify(src) by extensions ['ros']
[0.169s] Level 1:colcon.colcon_core.package_identification:_identify(src) by extension 'ros'
[0.169s] Level 1:colcon.colcon_core.package_identification:_identify(src) by extensions ['cmake', 'python']
[0.169s] Level 1:colcon.colcon_core.package_identification:_identify(src) by extension 'cmake'
[0.169s] Level 1:colcon.colcon_core.package_identification:_identify(src) by extension 'python'
[0.169s] Level 1:colcon.colcon_core.package_identification:_identify(src) by extensions ['python_setup_py']
[0.169s] Level 1:colcon.colcon_core.package_identification:_identify(src) by extension 'python_setup_py'
[0.169s] Level 1:colcon.colcon_core.package_identification:_identify(src/raphael_enterprise) by extensions ['ignore', 'ignore_ament_install']
[0.169s] Level 1:colcon.colcon_core.package_identification:_identify(src/raphael_enterprise) by extension 'ignore'
[0.170s] Level 1:colcon.colcon_core.package_identification:_identify(src/raphael_enterprise) by extension 'ignore_ament_install'
[0.170s] Level 1:colcon.colcon_core.package_identification:_identify(src/raphael_enterprise) by extensions ['colcon_pkg']
[0.170s] Level 1:colcon.colcon_core.package_identification:_identify(src/raphael_enterprise) by extension 'colcon_pkg'
[0.170s] Level 1:colcon.colcon_core.package_identification:_identify(src/raphael_enterprise) by extensions ['colcon_meta']
[0.170s] Level 1:colcon.colcon_core.package_identification:_identify(src/raphael_enterprise) by extension 'colcon_meta'
[0.170s] Level 1:colcon.colcon_core.package_identification:_identify(src/raphael_enterprise) by extensions ['ros']
[0.170s] Level 1:colcon.colcon_core.package_identification:_identify(src/raphael_enterprise) by extension 'ros'
[0.172s] DEBUG:colcon.colcon_core.package_identification:Package 'src/raphael_enterprise' with type 'ros.ament_python' and name 'raphael_enterprise'
[0.172s] Level 1:colcon.colcon_core.package_identification:_identify(src/simulation) by extensions ['ignore', 'ignore_ament_install']
[0.172s] Level 1:colcon.colcon_core.package_identification:_identify(src/simulation) by extension 'ignore'
[0.172s] Level 1:colcon.colcon_core.package_identification:_identify(src/simulation) by extension 'ignore_ament_install'
[0.172s] Level 1:colcon.colcon_core.package_identification:_identify(src/simulation) by extensions ['colcon_pkg']
[0.172s] Level 1:colcon.colcon_core.package_identification:_identify(src/simulation) by extension 'colcon_pkg'
[0.172s] Level 1:colcon.colcon_core.package_identification:_identify(src/simulation) by extensions ['colcon_meta']
[0.172s] Level 1:colcon.colcon_core.package_identification:_identify(src/simulation) by extension 'colcon_meta'
[0.172s] Level 1:colcon.colcon_core.package_identification:_identify(src/simulation) by extensions ['ros']
[0.172s] Level 1:colcon.colcon_core.package_identification:_identify(src/simulation) by extension 'ros'
[0.172s] Level 1:colcon.colcon_core.package_identification:_identify(src/simulation) by extensions ['cmake', 'python']
[0.172s] Level 1:colcon.colcon_core.package_identification:_identify(src/simulation) by extension 'cmake'
[0.172s] Level 1:colcon.colcon_core.package_identification:_identify(src/simulation) by extension 'python'
[0.172s] Level 1:colcon.colcon_core.package_identification:_identify(src/simulation) by extensions ['python_setup_py']
[0.172s] Level 1:colcon.colcon_core.package_identification:_identify(src/simulation) by extension 'python_setup_py'
[0.173s] Level 1:colcon.colcon_core.package_identification:_identify(src/simulation/__pycache__) by extensions ['ignore', 'ignore_ament_install']
[0.173s] Level 1:colcon.colcon_core.package_identification:_identify(src/simulation/__pycache__) by extension 'ignore'
[0.173s] Level 1:colcon.colcon_core.package_identification:_identify(src/simulation/__pycache__) by extension 'ignore_ament_install'
[0.173s] Level 1:colcon.colcon_core.package_identification:_identify(src/simulation/__pycache__) by extensions ['colcon_pkg']
[0.173s] Level 1:colcon.colcon_core.package_identification:_identify(src/simulation/__pycache__) by extension 'colcon_pkg'
[0.173s] Level 1:colcon.colcon_core.package_identification:_identify(src/simulation/__pycache__) by extensions ['colcon_meta']
[0.173s] Level 1:colcon.colcon_core.package_identification:_identify(src/simulation/__pycache__) by extension 'colcon_meta'
[0.173s] Level 1:colcon.colcon_core.package_identification:_identify(src/simulation/__pycache__) by extensions ['ros']
[0.173s] Level 1:colcon.colcon_core.package_identification:_identify(src/simulation/__pycache__) by extension 'ros'
[0.173s] Level 1:colcon.colcon_core.package_identification:_identify(src/simulation/__pycache__) by extensions ['cmake', 'python']
[0.173s] Level 1:colcon.colcon_core.package_identification:_identify(src/simulation/__pycache__) by extension 'cmake'
[0.173s] Level 1:colcon.colcon_core.package_identification:_identify(src/simulation/__pycache__) by extension 'python'
[0.173s] Level 1:colcon.colcon_core.package_identification:_identify(src/simulation/__pycache__) by extensions ['python_setup_py']
[0.173s] Level 1:colcon.colcon_core.package_identification:_identify(src/simulation/__pycache__) by extension 'python_setup_py'
[0.173s] Level 1:colcon.colcon_core.package_identification:_identify(src/simulation/logs) by extensions ['ignore', 'ignore_ament_install']
[0.173s] Level 1:colcon.colcon_core.package_identification:_identify(src/simulation/logs) by extension 'ignore'
[0.173s] Level 1:colcon.colcon_core.package_identification:_identify(src/simulation/logs) by extension 'ignore_ament_install'
[0.173s] Level 1:colcon.colcon_core.package_identification:_identify(src/simulation/logs) by extensions ['colcon_pkg']
[0.173s] Level 1:colcon.colcon_core.package_identification:_identify(src/simulation/logs) by extension 'colcon_pkg'
[0.173s] Level 1:colcon.colcon_core.package_identification:_identify(src/simulation/logs) by extensions ['colcon_meta']
[0.173s] Level 1:colcon.colcon_core.package_identification:_identify(src/simulation/logs) by extension 'colcon_meta'
[0.174s] Level 1:colcon.colcon_core.package_identification:_identify(src/simulation/logs) by extensions ['ros']
[0.174s] Level 1:colcon.colcon_core.package_identification:_identify(src/simulation/logs) by extension 'ros'
[0.174s] Level 1:colcon.colcon_core.package_identification:_identify(src/simulation/logs) by extensions ['cmake', 'python']
[0.174s] Level 1:colcon.colcon_core.package_identification:_identify(src/simulation/logs) by extension 'cmake'
[0.174s] Level 1:colcon.colcon_core.package_identification:_identify(src/simulation/logs) by extension 'python'
[0.174s] Level 1:colcon.colcon_core.package_identification:_identify(src/simulation/logs) by extensions ['python_setup_py']
[0.174s] Level 1:colcon.colcon_core.package_identification:_identify(src/simulation/logs) by extension 'python_setup_py'
[0.174s] Level 1:colcon.colcon_core.package_identification:_identify(src/simulation/tests) by extensions ['ignore', 'ignore_ament_install']
[0.174s] Level 1:colcon.colcon_core.package_identification:_identify(src/simulation/tests) by extension 'ignore'
[0.174s] Level 1:colcon.colcon_core.package_identification:_identify(src/simulation/tests) by extension 'ignore_ament_install'
[0.174s] Level 1:colcon.colcon_core.package_identification:_identify(src/simulation/tests) by extensions ['colcon_pkg']
[0.174s] Level 1:colcon.colcon_core.package_identification:_identify(src/simulation/tests) by extension 'colcon_pkg'
[0.174s] Level 1:colcon.colcon_core.package_identification:_identify(src/simulation/tests) by extensions ['colcon_meta']
[0.174s] Level 1:colcon.colcon_core.package_identification:_identify(src/simulation/tests) by extension 'colcon_meta'
[0.174s] Level 1:colcon.colcon_core.package_identification:_identify(src/simulation/tests) by extensions ['ros']
[0.174s] Level 1:colcon.colcon_core.package_identification:_identify(src/simulation/tests) by extension 'ros'
[0.174s] Level 1:colcon.colcon_core.package_identification:_identify(src/simulation/tests) by extensions ['cmake', 'python']
[0.174s] Level 1:colcon.colcon_core.package_identification:_identify(src/simulation/tests) by extension 'cmake'
[0.174s] Level 1:colcon.colcon_core.package_identification:_identify(src/simulation/tests) by extension 'python'
[0.174s] Level 1:colcon.colcon_core.package_identification:_identify(src/simulation/tests) by extensions ['python_setup_py']
[0.174s] Level 1:colcon.colcon_core.package_identification:_identify(src/simulation/tests) by extension 'python_setup_py'
[0.174s] Level 1:colcon.colcon_core.package_identification:_identify(src/simulation/tests/__pycache__) by extensions ['ignore', 'ignore_ament_install']
[0.174s] Level 1:colcon.colcon_core.package_identification:_identify(src/simulation/tests/__pycache__) by extension 'ignore'
[0.175s] Level 1:colcon.colcon_core.package_identification:_identify(src/simulation/tests/__pycache__) by extension 'ignore_ament_install'
[0.175s] Level 1:colcon.colcon_core.package_identification:_identify(src/simulation/tests/__pycache__) by extensions ['colcon_pkg']
[0.175s] Level 1:colcon.colcon_core.package_identification:_identify(src/simulation/tests/__pycache__) by extension 'colcon_pkg'
[0.175s] Level 1:colcon.colcon_core.package_identification:_identify(src/simulation/tests/__pycache__) by extensions ['colcon_meta']
[0.175s] Level 1:colcon.colcon_core.package_identification:_identify(src/simulation/tests/__pycache__) by extension 'colcon_meta'
[0.175s] Level 1:colcon.colcon_core.package_identification:_identify(src/simulation/tests/__pycache__) by extensions ['ros']
[0.175s] Level 1:colcon.colcon_core.package_identification:_identify(src/simulation/tests/__pycache__) by extension 'ros'
[0.175s] Level 1:colcon.colcon_core.package_identification:_identify(src/simulation/tests/__pycache__) by extensions ['cmake', 'python']
[0.175s] Level 1:colcon.colcon_core.package_identification:_identify(src/simulation/tests/__pycache__) by extension 'cmake'
[0.175s] Level 1:colcon.colcon_core.package_identification:_identify(src/simulation/tests/__pycache__) by extension 'python'
[0.175s] Level 1:colcon.colcon_core.package_identification:_identify(src/simulation/tests/__pycache__) by extensions ['python_setup_py']
[0.175s] Level 1:colcon.colcon_core.package_identification:_identify(src/simulation/tests/__pycache__) by extension 'python_setup_py'
[0.175s] Level 1:colcon.colcon_core.package_identification:_identify(src/simulation_base) by extensions ['ignore', 'ignore_ament_install']
[0.175s] Level 1:colcon.colcon_core.package_identification:_identify(src/simulation_base) by extension 'ignore'
[0.175s] Level 1:colcon.colcon_core.package_identification:_identify(src/simulation_base) by extension 'ignore_ament_install'
[0.175s] Level 1:colcon.colcon_core.package_identification:_identify(src/simulation_base) by extensions ['colcon_pkg']
[0.175s] Level 1:colcon.colcon_core.package_identification:_identify(src/simulation_base) by extension 'colcon_pkg'
[0.175s] Level 1:colcon.colcon_core.package_identification:_identify(src/simulation_base) by extensions ['colcon_meta']
[0.175s] Level 1:colcon.colcon_core.package_identification:_identify(src/simulation_base) by extension 'colcon_meta'
[0.175s] Level 1:colcon.colcon_core.package_identification:_identify(src/simulation_base) by extensions ['ros']
[0.175s] Level 1:colcon.colcon_core.package_identification:_identify(src/simulation_base) by extension 'ros'
[0.175s] Level 1:colcon.colcon_core.package_identification:_identify(src/simulation_base) by extensions ['cmake', 'python']
[0.175s] Level 1:colcon.colcon_core.package_identification:_identify(src/simulation_base) by extension 'cmake'
[0.175s] Level 1:colcon.colcon_core.package_identification:_identify(src/simulation_base) by extension 'python'
[0.176s] Level 1:colcon.colcon_core.package_identification:_identify(src/simulation_base) by extensions ['python_setup_py']
[0.176s] Level 1:colcon.colcon_core.package_identification:_identify(src/simulation_base) by extension 'python_setup_py'
[0.176s] Level 1:colcon.colcon_core.package_identification:_identify(src/simulation_base/__pycache__) by extensions ['ignore', 'ignore_ament_install']
[0.176s] Level 1:colcon.colcon_core.package_identification:_identify(src/simulation_base/__pycache__) by extension 'ignore'
[0.176s] Level 1:colcon.colcon_core.package_identification:_identify(src/simulation_base/__pycache__) by extension 'ignore_ament_install'
[0.176s] Level 1:colcon.colcon_core.package_identification:_identify(src/simulation_base/__pycache__) by extensions ['colcon_pkg']
[0.176s] Level 1:colcon.colcon_core.package_identification:_identify(src/simulation_base/__pycache__) by extension 'colcon_pkg'
[0.176s] Level 1:colcon.colcon_core.package_identification:_identify(src/simulation_base/__pycache__) by extensions ['colcon_meta']
[0.176s] Level 1:colcon.colcon_core.package_identification:_identify(src/simulation_base/__pycache__) by extension 'colcon_meta'
[0.176s] Level 1:colcon.colcon_core.package_identification:_identify(src/simulation_base/__pycache__) by extensions ['ros']
[0.176s] Level 1:colcon.colcon_core.package_identification:_identify(src/simulation_base/__pycache__) by extension 'ros'
[0.176s] Level 1:colcon.colcon_core.package_identification:_identify(src/simulation_base/__pycache__) by extensions ['cmake', 'python']
[0.176s] Level 1:colcon.colcon_core.package_identification:_identify(src/simulation_base/__pycache__) by extension 'cmake'
[0.176s] Level 1:colcon.colcon_core.package_identification:_identify(src/simulation_base/__pycache__) by extension 'python'
[0.176s] Level 1:colcon.colcon_core.package_identification:_identify(src/simulation_base/__pycache__) by extensions ['python_setup_py']
[0.176s] Level 1:colcon.colcon_core.package_identification:_identify(src/simulation_base/__pycache__) by extension 'python_setup_py'
[0.176s] Level 1:colcon.colcon_core.package_identification:_identify(src/simulation_base/logs) by extensions ['ignore', 'ignore_ament_install']
[0.176s] Level 1:colcon.colcon_core.package_identification:_identify(src/simulation_base/logs) by extension 'ignore'
[0.176s] Level 1:colcon.colcon_core.package_identification:_identify(src/simulation_base/logs) by extension 'ignore_ament_install'
[0.176s] Level 1:colcon.colcon_core.package_identification:_identify(src/simulation_base/logs) by extensions ['colcon_pkg']
[0.176s] Level 1:colcon.colcon_core.package_identification:_identify(src/simulation_base/logs) by extension 'colcon_pkg'
[0.176s] Level 1:colcon.colcon_core.package_identification:_identify(src/simulation_base/logs) by extensions ['colcon_meta']
[0.177s] Level 1:colcon.colcon_core.package_identification:_identify(src/simulation_base/logs) by extension 'colcon_meta'
[0.177s] Level 1:colcon.colcon_core.package_identification:_identify(src/simulation_base/logs) by extensions ['ros']
[0.177s] Level 1:colcon.colcon_core.package_identification:_identify(src/simulation_base/logs) by extension 'ros'
[0.177s] Level 1:colcon.colcon_core.package_identification:_identify(src/simulation_base/logs) by extensions ['cmake', 'python']
[0.177s] Level 1:colcon.colcon_core.package_identification:_identify(src/simulation_base/logs) by extension 'cmake'
[0.177s] Level 1:colcon.colcon_core.package_identification:_identify(src/simulation_base/logs) by extension 'python'
[0.177s] Level 1:colcon.colcon_core.package_identification:_identify(src/simulation_base/logs) by extensions ['python_setup_py']
[0.177s] Level 1:colcon.colcon_core.package_identification:_identify(src/simulation_base/logs) by extension 'python_setup_py'
[0.177s] Level 1:colcon.colcon_core.package_identification:_identify(src/simulation_base/tests) by extensions ['ignore', 'ignore_ament_install']
[0.177s] Level 1:colcon.colcon_core.package_identification:_identify(src/simulation_base/tests) by extension 'ignore'
[0.177s] Level 1:colcon.colcon_core.package_identification:_identify(src/simulation_base/tests) by extension 'ignore_ament_install'
[0.177s] Level 1:colcon.colcon_core.package_identification:_identify(src/simulation_base/tests) by extensions ['colcon_pkg']
[0.177s] Level 1:colcon.colcon_core.package_identification:_identify(src/simulation_base/tests) by extension 'colcon_pkg'
[0.177s] Level 1:colcon.colcon_core.package_identification:_identify(src/simulation_base/tests) by extensions ['colcon_meta']
[0.177s] Level 1:colcon.colcon_core.package_identification:_identify(src/simulation_base/tests) by extension 'colcon_meta'
[0.177s] Level 1:colcon.colcon_core.package_identification:_identify(src/simulation_base/tests) by extensions ['ros']
[0.177s] Level 1:colcon.colcon_core.package_identification:_identify(src/simulation_base/tests) by extension 'ros'
[0.177s] Level 1:colcon.colcon_core.package_identification:_identify(src/simulation_base/tests) by extensions ['cmake', 'python']
[0.177s] Level 1:colcon.colcon_core.package_identification:_identify(src/simulation_base/tests) by extension 'cmake'
[0.177s] Level 1:colcon.colcon_core.package_identification:_identify(src/simulation_base/tests) by extension 'python'
[0.177s] Level 1:colcon.colcon_core.package_identification:_identify(src/simulation_base/tests) by extensions ['python_setup_py']
[0.177s] Level 1:colcon.colcon_core.package_identification:_identify(src/simulation_base/tests) by extension 'python_setup_py'
[0.177s] Level 1:colcon.colcon_core.package_identification:_identify(src/simulation_base/tests/__pycache__) by extensions ['ignore', 'ignore_ament_install']
[0.178s] Level 1:colcon.colcon_core.package_identification:_identify(src/simulation_base/tests/__pycache__) by extension 'ignore'
[0.178s] Level 1:colcon.colcon_core.package_identification:_identify(src/simulation_base/tests/__pycache__) by extension 'ignore_ament_install'
[0.178s] Level 1:colcon.colcon_core.package_identification:_identify(src/simulation_base/tests/__pycache__) by extensions ['colcon_pkg']
[0.178s] Level 1:colcon.colcon_core.package_identification:_identify(src/simulation_base/tests/__pycache__) by extension 'colcon_pkg'
[0.178s] Level 1:colcon.colcon_core.package_identification:_identify(src/simulation_base/tests/__pycache__) by extensions ['colcon_meta']
[0.178s] Level 1:colcon.colcon_core.package_identification:_identify(src/simulation_base/tests/__pycache__) by extension 'colcon_meta'
[0.178s] Level 1:colcon.colcon_core.package_identification:_identify(src/simulation_base/tests/__pycache__) by extensions ['ros']
[0.178s] Level 1:colcon.colcon_core.package_identification:_identify(src/simulation_base/tests/__pycache__) by extension 'ros'
[0.178s] Level 1:colcon.colcon_core.package_identification:_identify(src/simulation_base/tests/__pycache__) by extensions ['cmake', 'python']
[0.178s] Level 1:colcon.colcon_core.package_identification:_identify(src/simulation_base/tests/__pycache__) by extension 'cmake'
[0.178s] Level 1:colcon.colcon_core.package_identification:_identify(src/simulation_base/tests/__pycache__) by extension 'python'
[0.178s] Level 1:colcon.colcon_core.package_identification:_identify(src/simulation_base/tests/__pycache__) by extensions ['python_setup_py']
[0.178s] Level 1:colcon.colcon_core.package_identification:_identify(src/simulation_base/tests/__pycache__) by extension 'python_setup_py'
[0.178s] Level 1:colcon.colcon_core.package_identification:_identify(src/web) by extensions ['ignore', 'ignore_ament_install']
[0.178s] Level 1:colcon.colcon_core.package_identification:_identify(src/web) by extension 'ignore'
[0.178s] Level 1:colcon.colcon_core.package_identification:_identify(src/web) by extension 'ignore_ament_install'
[0.178s] Level 1:colcon.colcon_core.package_identification:_identify(src/web) by extensions ['colcon_pkg']
[0.178s] Level 1:colcon.colcon_core.package_identification:_identify(src/web) by extension 'colcon_pkg'
[0.178s] Level 1:colcon.colcon_core.package_identification:_identify(src/web) by extensions ['colcon_meta']
[0.178s] Level 1:colcon.colcon_core.package_identification:_identify(src/web) by extension 'colcon_meta'
[0.178s] Level 1:colcon.colcon_core.package_identification:_identify(src/web) by extensions ['ros']
[0.178s] Level 1:colcon.colcon_core.package_identification:_identify(src/web) by extension 'ros'
[0.178s] Level 1:colcon.colcon_core.package_identification:_identify(src/web) by extensions ['cmake', 'python']
[0.179s] Level 1:colcon.colcon_core.package_identification:_identify(src/web) by extension 'cmake'
[0.179s] Level 1:colcon.colcon_core.package_identification:_identify(src/web) by extension 'python'
[0.179s] Level 1:colcon.colcon_core.package_identification:_identify(src/web) by extensions ['python_setup_py']
[0.179s] Level 1:colcon.colcon_core.package_identification:_identify(src/web) by extension 'python_setup_py'
[0.179s] Level 1:colcon.colcon_core.package_discovery:discover_packages(recursive) using defaults
[0.179s] Level 1:colcon.colcon_core.package_discovery:discover_packages(ignore) discover
[0.179s] Level 1:colcon.colcon_core.package_discovery:discover_packages(ignore) using defaults
[0.179s] Level 1:colcon.colcon_core.package_discovery:discover_packages(path) discover
[0.179s] Level 1:colcon.colcon_core.package_discovery:discover_packages(path) using defaults
[0.197s] Level 1:colcon.colcon_core.package_discovery:discover_packages(prefix_path) check parameters
[0.198s] Level 1:colcon.colcon_core.package_discovery:discover_packages(prefix_path) discover
[0.199s] DEBUG:colcon.colcon_installed_package_information.package_discovery:Found 1 installed packages in /home/user25/raphael_ws/install
[0.200s] DEBUG:colcon.colcon_installed_package_information.package_discovery:Found 4 installed packages in /home/user25/ros2_ws/install
[0.201s] DEBUG:colcon.colcon_installed_package_information.package_discovery:Found 283 installed packages in /opt/ros/humble
[0.202s] Level 1:colcon.colcon_core.package_discovery:discover_packages(prefix_path) using defaults
[0.234s] Level 5:colcon.colcon_core.verb:set package 'raphael_enterprise' build argument 'cmake_args' from command line to 'None'
[0.234s] Level 5:colcon.colcon_core.verb:set package 'raphael_enterprise' build argument 'cmake_target' from command line to 'None'
[0.234s] Level 5:colcon.colcon_core.verb:set package 'raphael_enterprise' build argument 'cmake_target_skip_unavailable' from command line to 'False'
[0.234s] Level 5:colcon.colcon_core.verb:set package 'raphael_enterprise' build argument 'cmake_clean_cache' from command line to 'False'
[0.234s] Level 5:colcon.colcon_core.verb:set package 'raphael_enterprise' build argument 'cmake_clean_first' from command line to 'False'
[0.235s] Level 5:colcon.colcon_core.verb:set package 'raphael_enterprise' build argument 'cmake_force_configure' from command line to 'False'
[0.235s] Level 5:colcon.colcon_core.verb:set package 'raphael_enterprise' build argument 'ament_cmake_args' from command line to 'None'
[0.235s] Level 5:colcon.colcon_core.verb:set package 'raphael_enterprise' build argument 'catkin_cmake_args' from command line to 'None'
[0.235s] Level 5:colcon.colcon_core.verb:set package 'raphael_enterprise' build argument 'catkin_skip_building_tests' from command line to 'False'
[0.235s] DEBUG:colcon.colcon_core.verb:Building package 'raphael_enterprise' with the following arguments: {'ament_cmake_args': None, 'build_base': '/home/user25/raphael_ws/build/raphael_enterprise', 'catkin_cmake_args': None, 'catkin_skip_building_tests': False, 'cmake_args': None, 'cmake_clean_cache': False, 'cmake_clean_first': False, 'cmake_force_configure': False, 'cmake_target': None, 'cmake_target_skip_unavailable': False, 'install_base': '/home/user25/raphael_ws/install/raphael_enterprise', 'merge_install': False, 'path': '/home/user25/raphael_ws/src/raphael_enterprise', 'symlink_install': False, 'test_result_base': None}
[0.235s] INFO:colcon.colcon_core.executor:Executing jobs using 'parallel' executor
[0.235s] DEBUG:colcon.colcon_parallel_executor.executor.parallel:run_until_complete
[0.236s] INFO:colcon.colcon_ros.task.ament_python.build:Building ROS package in '/home/user25/raphael_ws/src/raphael_enterprise' with build type 'ament_python'
[0.236s] Level 1:colcon.colcon_core.shell:create_environment_hook('raphael_enterprise', 'ament_prefix_path')
[0.238s] INFO:colcon.colcon_core.plugin_system:Skipping extension 'colcon_core.shell.bat': Not used on non-Windows systems
[0.238s] INFO:colcon.colcon_core.shell:Creating environment hook '/home/user25/raphael_ws/install/raphael_enterprise/share/raphael_enterprise/hook/ament_prefix_path.ps1'
[0.239s] INFO:colcon.colcon_core.shell:Creating environment descriptor '/home/user25/raphael_ws/install/raphael_enterprise/share/raphael_enterprise/hook/ament_prefix_path.dsv'
[0.239s] INFO:colcon.colcon_core.shell:Creating environment hook '/home/user25/raphael_ws/install/raphael_enterprise/share/raphael_enterprise/hook/ament_prefix_path.sh'
[0.240s] INFO:colcon.colcon_core.shell:Skip shell extension 'powershell' for command environment: Not usable outside of PowerShell
[0.240s] DEBUG:colcon.colcon_core.shell:Skip shell extension 'dsv' for command environment
[0.469s] INFO:colcon.colcon_core.task.python.build:Building Python package in '/home/user25/raphael_ws/src/raphael_enterprise'
[0.469s] INFO:colcon.colcon_core.shell:Skip shell extension 'powershell' for command environment: Not usable outside of PowerShell
[0.469s] DEBUG:colcon.colcon_core.shell:Skip shell extension 'dsv' for command environment
[1.224s] DEBUG:colcon.colcon_core.event_handler.log_command:Invoking command in '/home/user25/raphael_ws/src/raphael_enterprise': PYTHONPATH=/home/user25/raphael_ws/build/raphael_enterprise/prefix_override:/usr/lib/python3/dist-packages/colcon_core/task/python/colcon_distutils_commands:/home/user25/raphael_ws/install/raphael_enterprise/lib/python3.10/site-packages:${PYTHONPATH} /usr/bin/python3 -W ignore:setup.py install is deprecated -W ignore:easy_install command is deprecated setup.py egg_info --egg-base ../../build/raphael_enterprise build --build-base /home/user25/raphael_ws/build/raphael_enterprise/build install --record /home/user25/raphael_ws/build/raphael_enterprise/install.log --single-version-externally-managed install_data
[1.831s] DEBUG:colcon.colcon_core.event_handler.log_command:Invoked command in '/home/user25/raphael_ws/src/raphael_enterprise' returned '0': PYTHONPATH=/home/user25/raphael_ws/build/raphael_enterprise/prefix_override:/usr/lib/python3/dist-packages/colcon_core/task/python/colcon_distutils_commands:/home/user25/raphael_ws/install/raphael_enterprise/lib/python3.10/site-packages:${PYTHONPATH} /usr/bin/python3 -W ignore:setup.py install is deprecated -W ignore:easy_install command is deprecated setup.py egg_info --egg-base ../../build/raphael_enterprise build --build-base /home/user25/raphael_ws/build/raphael_enterprise/build install --record /home/user25/raphael_ws/build/raphael_enterprise/install.log --single-version-externally-managed install_data
[1.833s] Level 1:colcon.colcon_core.environment:checking '/home/user25/raphael_ws/install/raphael_enterprise' for CMake module files
[1.833s] Level 1:colcon.colcon_core.environment:checking '/home/user25/raphael_ws/install/raphael_enterprise' for CMake config files
[1.834s] Level 1:colcon.colcon_core.environment:checking '/home/user25/raphael_ws/install/raphael_enterprise/lib'
[1.834s] Level 1:colcon.colcon_core.environment:checking '/home/user25/raphael_ws/install/raphael_enterprise/bin'
[1.834s] Level 1:colcon.colcon_core.environment:checking '/home/user25/raphael_ws/install/raphael_enterprise/lib/pkgconfig/raphael_enterprise.pc'
[1.834s] Level 1:colcon.colcon_core.environment:checking '/home/user25/raphael_ws/install/raphael_enterprise/lib/python3.10/site-packages'
[1.834s] Level 1:colcon.colcon_core.shell:create_environment_hook('raphael_enterprise', 'pythonpath')
[1.835s] INFO:colcon.colcon_core.shell:Creating environment hook '/home/user25/raphael_ws/install/raphael_enterprise/share/raphael_enterprise/hook/pythonpath.ps1'
[1.835s] INFO:colcon.colcon_core.shell:Creating environment descriptor '/home/user25/raphael_ws/install/raphael_enterprise/share/raphael_enterprise/hook/pythonpath.dsv'
[1.835s] INFO:colcon.colcon_core.shell:Creating environment hook '/home/user25/raphael_ws/install/raphael_enterprise/share/raphael_enterprise/hook/pythonpath.sh'
[1.836s] Level 1:colcon.colcon_core.environment:checking '/home/user25/raphael_ws/install/raphael_enterprise/bin'
[1.836s] Level 1:colcon.colcon_core.environment:create_environment_scripts_only(raphael_enterprise)
[1.836s] INFO:colcon.colcon_core.shell:Creating package script '/home/user25/raphael_ws/install/raphael_enterprise/share/raphael_enterprise/package.ps1'
[1.837s] INFO:colcon.colcon_core.shell:Creating package descriptor '/home/user25/raphael_ws/install/raphael_enterprise/share/raphael_enterprise/package.dsv'
[1.838s] INFO:colcon.colcon_core.shell:Creating package script '/home/user25/raphael_ws/install/raphael_enterprise/share/raphael_enterprise/package.sh'
[1.838s] INFO:colcon.colcon_core.shell:Creating package script '/home/user25/raphael_ws/install/raphael_enterprise/share/raphael_enterprise/package.bash'
[1.839s] INFO:colcon.colcon_core.shell:Creating package script '/home/user25/raphael_ws/install/raphael_enterprise/share/raphael_enterprise/package.zsh'
[1.840s] Level 1:colcon.colcon_core.environment:create_file_with_runtime_dependencies(/home/user25/raphael_ws/install/raphael_enterprise/share/colcon-core/packages/raphael_enterprise)
[1.840s] DEBUG:colcon.colcon_parallel_executor.executor.parallel:closing loop
[1.841s] DEBUG:colcon.colcon_parallel_executor.executor.parallel:loop closed
[1.841s] DEBUG:colcon.colcon_parallel_executor.executor.parallel:run_until_complete finished with '0'
[1.841s] DEBUG:colcon.colcon_core.event_reactor:joining thread
[1.846s] INFO:colcon.colcon_core.plugin_system:Skipping extension 'colcon_notification.desktop_notification.terminal_notifier': Not used on non-Darwin systems
[1.847s] INFO:colcon.colcon_core.plugin_system:Skipping extension 'colcon_notification.desktop_notification.win32': Not used on non-Windows systems
[1.847s] INFO:colcon.colcon_notification.desktop_notification:Sending desktop notification using 'notify2'
[1.857s] DEBUG:colcon.colcon_core.event_reactor:joined thread
[1.857s] INFO:colcon.colcon_core.shell:Creating prefix script '/home/user25/raphael_ws/install/local_setup.ps1'
[1.859s] INFO:colcon.colcon_core.shell:Creating prefix util module '/home/user25/raphael_ws/install/_local_setup_util_ps1.py'
[1.860s] INFO:colcon.colcon_core.shell:Creating prefix chain script '/home/user25/raphael_ws/install/setup.ps1'
[1.862s] INFO:colcon.colcon_core.shell:Creating prefix script '/home/user25/raphael_ws/install/local_setup.sh'
[1.863s] INFO:colcon.colcon_core.shell:Creating prefix util module '/home/user25/raphael_ws/install/_local_setup_util_sh.py'
[1.864s] INFO:colcon.colcon_core.shell:Creating prefix chain script '/home/user25/raphael_ws/install/setup.sh'
[1.866s] INFO:colcon.colcon_core.shell:Creating prefix script '/home/user25/raphael_ws/install/local_setup.bash'
[1.866s] INFO:colcon.colcon_core.shell:Creating prefix chain script '/home/user25/raphael_ws/install/setup.bash'
[1.868s] INFO:colcon.colcon_core.shell:Creating prefix script '/home/user25/raphael_ws/install/local_setup.zsh'
[1.869s] INFO:colcon.colcon_core.shell:Creating prefix chain script '/home/user25/raphael_ws/install/setup.zsh'
