[1.443s] Invoking command in '/home/user25/raphael_ws/src/raphael_enterprise': PYTHONPATH=/home/user25/raphael_ws/build/raphael_enterprise/prefix_override:/usr/lib/python3/dist-packages/colcon_core/task/python/colcon_distutils_commands:/home/user25/raphael_ws/install/raphael_enterprise/lib/python3.10/site-packages:${PYTHONPATH} /usr/bin/python3 -W ignore:setup.py install is deprecated -W ignore:easy_install command is deprecated setup.py egg_info --egg-base ../../build/raphael_enterprise build --build-base /home/user25/raphael_ws/build/raphael_enterprise/build install --record /home/user25/raphael_ws/build/raphael_enterprise/install.log --single-version-externally-managed install_data
[1.852s] running egg_info
[1.886s] creating ../../build/raphael_enterprise/raphael_enterprise.egg-info
[1.886s] writing ../../build/raphael_enterprise/raphael_enterprise.egg-info/PKG-INFO
[1.887s] writing dependency_links to ../../build/raphael_enterprise/raphael_enterprise.egg-info/dependency_links.txt
[1.888s] writing entry points to ../../build/raphael_enterprise/raphael_enterprise.egg-info/entry_points.txt
[1.888s] writing requirements to ../../build/raphael_enterprise/raphael_enterprise.egg-info/requires.txt
[1.888s] writing top-level names to ../../build/raphael_enterprise/raphael_enterprise.egg-info/top_level.txt
[1.889s] writing manifest file '../../build/raphael_enterprise/raphael_enterprise.egg-info/SOURCES.txt'
[1.955s] reading manifest file '../../build/raphael_enterprise/raphael_enterprise.egg-info/SOURCES.txt'
[1.956s] writing manifest file '../../build/raphael_enterprise/raphael_enterprise.egg-info/SOURCES.txt'
[1.956s] running build
[1.956s] running build_py
[1.957s] creating /home/user25/raphael_ws/build/raphael_enterprise/build/lib/raphael_enterprise
[1.957s] copying raphael_enterprise/architect_node.py -> /home/user25/raphael_ws/build/raphael_enterprise/build/lib/raphael_enterprise
[1.957s] copying raphael_enterprise/cto_node.py -> /home/user25/raphael_ws/build/raphael_enterprise/build/lib/raphael_enterprise
[1.957s] copying raphael_enterprise/__init__.py -> /home/user25/raphael_ws/build/raphael_enterprise/build/lib/raphael_enterprise
[1.957s] running install
[1.962s] running install_lib
[1.989s] creating /home/user25/raphael_ws/install/raphael_enterprise/lib/python3.10/site-packages/raphael_enterprise
[1.989s] copying /home/user25/raphael_ws/build/raphael_enterprise/build/lib/raphael_enterprise/architect_node.py -> /home/user25/raphael_ws/install/raphael_enterprise/lib/python3.10/site-packages/raphael_enterprise
[1.989s] copying /home/user25/raphael_ws/build/raphael_enterprise/build/lib/raphael_enterprise/cto_node.py -> /home/user25/raphael_ws/install/raphael_enterprise/lib/python3.10/site-packages/raphael_enterprise
[1.989s] copying /home/user25/raphael_ws/build/raphael_enterprise/build/lib/raphael_enterprise/__init__.py -> /home/user25/raphael_ws/install/raphael_enterprise/lib/python3.10/site-packages/raphael_enterprise
[1.990s] byte-compiling /home/user25/raphael_ws/install/raphael_enterprise/lib/python3.10/site-packages/raphael_enterprise/architect_node.py to architect_node.cpython-310.pyc
[1.991s] byte-compiling /home/user25/raphael_ws/install/raphael_enterprise/lib/python3.10/site-packages/raphael_enterprise/cto_node.py to cto_node.cpython-310.pyc
[1.992s] byte-compiling /home/user25/raphael_ws/install/raphael_enterprise/lib/python3.10/site-packages/raphael_enterprise/__init__.py to __init__.cpython-310.pyc
[1.993s] running install_data
[1.993s] creating /home/user25/raphael_ws/install/raphael_enterprise/share/ament_index/resource_index/packages
[1.993s] copying resource/raphael_enterprise -> /home/user25/raphael_ws/install/raphael_enterprise/share/ament_index/resource_index/packages
[1.993s] copying package.xml -> /home/user25/raphael_ws/install/raphael_enterprise/share/raphael_enterprise
[1.993s] running install_egg_info
[2.021s] Copying ../../build/raphael_enterprise/raphael_enterprise.egg-info to /home/user25/raphael_ws/install/raphael_enterprise/lib/python3.10/site-packages/raphael_enterprise-0.0.0-py3.10.egg-info
[2.022s] running install_scripts
[2.213s] Installing architect_node script to /home/user25/raphael_ws/install/raphael_enterprise/lib/raphael_enterprise
[2.214s] Installing cto_node script to /home/user25/raphael_ws/install/raphael_enterprise/lib/raphael_enterprise
[2.214s] writing list of installed files to '/home/user25/raphael_ws/build/raphael_enterprise/install.log'
[2.253s] Invoked command in '/home/user25/raphael_ws/src/raphael_enterprise' returned '0': PYTHONPATH=/home/user25/raphael_ws/build/raphael_enterprise/prefix_override:/usr/lib/python3/dist-packages/colcon_core/task/python/colcon_distutils_commands:/home/user25/raphael_ws/install/raphael_enterprise/lib/python3.10/site-packages:${PYTHONPATH} /usr/bin/python3 -W ignore:setup.py install is deprecated -W ignore:easy_install command is deprecated setup.py egg_info --egg-base ../../build/raphael_enterprise build --build-base /home/user25/raphael_ws/build/raphael_enterprise/build install --record /home/user25/raphael_ws/build/raphael_enterprise/install.log --single-version-externally-managed install_data
